Traceback (most recent call last):
  File "/home/runner/work/eOn/eOn/.pixi/envs/docs-mta/lib/python3.12/site-packages/jupyter_cache/executors/utils.py", line 58, in single_nb_execution
    executenb(
  File "/home/runner/work/eOn/eOn/.pixi/envs/docs-mta/lib/python3.12/site-packages/nbclient/client.py", line 1323, in execute
    return NotebookClient(nb=nb, resources=resources, km=km, **kwargs).execute()
           ^^^^^^^^^^^^^^^^^^^^^^^^^^^^^^^^^^^^^^^^^^^^^^^^^^^^^^^^^^^^^^^^^^^^^
  File "/home/runner/work/eOn/eOn/.pixi/envs/docs-mta/lib/python3.12/site-packages/jupyter_core/utils/__init__.py", line 165, in wrapped
    return loop.run_until_complete(inner)
           ^^^^^^^^^^^^^^^^^^^^^^^^^^^^^^
  File "/home/runner/work/eOn/eOn/.pixi/envs/docs-mta/lib/python3.12/asyncio/base_events.py", line 691, in run_until_complete
    return future.result()
           ^^^^^^^^^^^^^^^
  File "/home/runner/work/eOn/eOn/.pixi/envs/docs-mta/lib/python3.12/site-packages/nbclient/client.py", line 709, in async_execute
    await self.async_execute_cell(
  File "/home/runner/work/eOn/eOn/.pixi/envs/docs-mta/lib/python3.12/site-packages/nbclient/client.py", line 1062, in async_execute_cell
    await self._check_raise_for_error(cell, cell_index, exec_reply)
  File "/home/runner/work/eOn/eOn/.pixi/envs/docs-mta/lib/python3.12/site-packages/nbclient/client.py", line 918, in _check_raise_for_error
    raise CellExecutionError.from_cell_and_msg(cell, exec_reply_content)
nbclient.exceptions.CellExecutionError: An error occurred while executing the following cell:
------------------
import shutil
import numpy as np
import readcon

# Read the vinyl alcohol reactant and perturb it
src = Path("data/reactant.con")
atoms = readcon.read_con_as_ase(str(src))[0]
np.random.seed(42)
atoms.positions += np.random.randn(*atoms.positions.shape) * 0.1

min_dir = tutorial_dir / "minimization"
min_dir.mkdir()
readcon.write_con(str(min_dir / "pos.con"), [readcon.ConFrame.from_ase(atoms)])

min_config = {
    "Main": {"job": "minimization"},
    "Potential": {"potential": "metatomic"},
    "Metatomic": {"model_path": str(model_path.resolve())},
    "Optimizer": {"opt_method": "lbfgs", "converged_force": 0.0514221, "max_iterations": 200},
    # Current plt-min profile/convergence commands still consume the legacy
    # minimization.dat sidecar, while the 2D landscape uses the metadata-rich
    # minimization.con movie.
    "Debug": {"write_movies": True, "write_deprecated_outs": True},
}
write_eon_config(min_dir, min_config)

run_eon(min_dir)
print(f"Minimization done: {list(min_dir.glob('minimization.*'))}")
------------------


[31m---------------------------------------------------------------------------[39m
[31mModuleNotFoundError[39m                       Traceback (most recent call last)
[36mFile [39m[32m~/work/eOn/eOn/.pixi/envs/docs-mta/lib/python3.12/site-packages/rgpycrumbs/eon/helpers.py:53[39m, in [36mwrite_eon_config[39m[34m(path, settings, validate)[39m
[32m     52[39m [38;5;28;01mtry[39;00m:
[32m---> [39m[32m53[39m     [38;5;28;01mfrom[39;00m[38;5;250m [39m[34;01meon_schema[39;00m[34;01m.[39;00m[34;01mconfig[39;00m[38;5;250m [39m[38;5;28;01mimport[39;00m unknown_ini_keys, write_ini
[32m     54[39m [38;5;28;01mexcept[39;00m [38;5;167;01mImportError[39;00m [38;5;28;01mas[39;00m exc:  [38;5;66;03m# pragma: no cover[39;00m

[31mModuleNotFoundError[39m: No module named 'eon_schema'

The above exception was the direct cause of the following exception:

[31mImportError[39m                               Traceback (most recent call last)
[36mCell[39m[36m [39m[32mIn[4][39m[32m, line 25[39m
[32m     13[39m readcon.write_con([38;5;28mstr[39m(min_dir / [33m"[39m[33mpos.con[39m[33m"[39m), [readcon.ConFrame.from_ase(atoms)])
[32m     15[39m min_config = {
[32m     16[39m     [33m"[39m[33mMain[39m[33m"[39m: {[33m"[39m[33mjob[39m[33m"[39m: [33m"[39m[33mminimization[39m[33m"[39m},
[32m     17[39m     [33m"[39m[33mPotential[39m[33m"[39m: {[33m"[39m[33mpotential[39m[33m"[39m: [33m"[39m[33mmetatomic[39m[33m"[39m},
[32m   (...)[39m[32m     23[39m     [33m"[39m[33mDebug[39m[33m"[39m: {[33m"[39m[33mwrite_movies[39m[33m"[39m: [38;5;28;01mTrue[39;00m, [33m"[39m[33mwrite_deprecated_outs[39m[33m"[39m: [38;5;28;01mTrue[39;00m},
[32m     24[39m }
[32m---> [39m[32m25[39m [43mwrite_eon_config[49m[43m([49m[43mmin_dir[49m[43m,[49m[43m [49m[43mmin_config[49m[43m)[49m
[32m     27[39m run_eon(min_dir)
[32m     28[39m [38;5;28mprint[39m([33mf[39m[33m"[39m[33mMinimization done: [39m[38;5;132;01m{[39;00m[38;5;28mlist[39m(min_dir.glob([33m'[39m[33mminimization.*[39m[33m'[39m))[38;5;132;01m}[39;00m[33m"[39m)

[36mFile [39m[32m~/work/eOn/eOn/.pixi/envs/docs-mta/lib/python3.12/site-packages/rgpycrumbs/eon/helpers.py:55[39m, in [36mwrite_eon_config[39m[34m(path, settings, validate)[39m
[32m     53[39m     [38;5;28;01mfrom[39;00m[38;5;250m [39m[34;01meon_schema[39;00m[34;01m.[39;00m[34;01mconfig[39;00m[38;5;250m [39m[38;5;28;01mimport[39;00m unknown_ini_keys, write_ini
[32m     54[39m [38;5;28;01mexcept[39;00m [38;5;167;01mImportError[39;00m [38;5;28;01mas[39;00m exc:  [38;5;66;03m# pragma: no cover[39;00m
[32m---> [39m[32m55[39m     [38;5;28;01mraise[39;00m [38;5;167;01mImportError[39;00m(
[32m     56[39m         [33m"[39m[33mwrite_eon_config requires eon-schema>=0.2.[39m[38;5;130;01m\n[39;00m[33m"[39m
[32m     57[39m         [33m"[39m[33m  pip install [39m[33m'[39m[33mrgpycrumbs[eon][39m[33m'[39m[38;5;130;01m\n[39;00m[33m"[39m
[32m     58[39m         [33m"[39m[33m  # or: pip install [39m[33m'[39m[33meon-schema>=0.2[39m[33m'[39m[38;5;130;01m\n[39;00m[33m"[39m
[32m     59[39m         [33m"[39m[33m  # uv: uv pip install [39m[33m'[39m[33meon-schema>=0.2[39m[33m'[39m[33m"[39m
[32m     60[39m     ) [38;5;28;01mfrom[39;00m[38;5;250m [39m[34;01mexc[39;00m
[32m     62[39m [38;5;28;01mif[39;00m validate:
[32m     63[39m     bad = unknown_ini_keys(settings, covered_only=[38;5;28;01mTrue[39;00m)

[31mImportError[39m: write_eon_config requires eon-schema>=0.2.
  pip install 'rgpycrumbs[eon]'
  # or: pip install 'eon-schema>=0.2'
  # uv: uv pip install 'eon-schema>=0.2'

