Traceback (most recent call last):
  File "/home/runner/work/eOn/eOn/.pixi/envs/docs-mta/lib/python3.12/site-packages/jupyter_cache/executors/utils.py", line 58, in single_nb_execution
    executenb(
  File "/home/runner/work/eOn/eOn/.pixi/envs/docs-mta/lib/python3.12/site-packages/nbclient/client.py", line 1323, in execute
    return NotebookClient(nb=nb, resources=resources, km=km, **kwargs).execute()
           ^^^^^^^^^^^^^^^^^^^^^^^^^^^^^^^^^^^^^^^^^^^^^^^^^^^^^^^^^^^^^^^^^^^^^
  File "/home/runner/work/eOn/eOn/.pixi/envs/docs-mta/lib/python3.12/site-packages/jupyter_core/utils/__init__.py", line 165, in wrapped
    return loop.run_until_complete(inner)
           ^^^^^^^^^^^^^^^^^^^^^^^^^^^^^^
  File "/home/runner/work/eOn/eOn/.pixi/envs/docs-mta/lib/python3.12/asyncio/base_events.py", line 691, in run_until_complete
    return future.result()
           ^^^^^^^^^^^^^^^
  File "/home/runner/work/eOn/eOn/.pixi/envs/docs-mta/lib/python3.12/site-packages/nbclient/client.py", line 709, in async_execute
    await self.async_execute_cell(
  File "/home/runner/work/eOn/eOn/.pixi/envs/docs-mta/lib/python3.12/site-packages/nbclient/client.py", line 1062, in async_execute_cell
    await self._check_raise_for_error(cell, cell_index, exec_reply)
  File "/home/runner/work/eOn/eOn/.pixi/envs/docs-mta/lib/python3.12/site-packages/nbclient/client.py", line 918, in _check_raise_for_error
    raise CellExecutionError.from_cell_and_msg(cell, exec_reply_content)
nbclient.exceptions.CellExecutionError: An error occurred while executing the following cell:
------------------
import os
import shutil
import subprocess
import sys
import tempfile
from pathlib import Path

from IPython.display import Image, display
from rgpycrumbs.eon.helpers import write_eon_config

os.environ.setdefault("MPLBACKEND", "Agg")
os.environ.setdefault("RGPYCRUMBS_AUTO_DEPS", "1")

DATA = Path("data/lj_min")
assert (DATA / "pos.con").is_file(), DATA.resolve()

work = Path(tempfile.mkdtemp(prefix="eon_lj_min_"))
plot_dir = work / "plots"
plot_dir.mkdir()
shutil.copy(DATA / "pos.con", work / "pos.con")

cfg = {
    "Main": {"job": "minimization", "random_seed": 42},
    "Potential": {"potential": "ljcluster"},
    "Optimizer": {
        "opt_method": "lbfgs",
        "converged_force": 0.01,
        "max_iterations": 500,
        "max_move": 0.2,
    },
    # Movies for plt-min landscape; optional legacy .dat for older tools.
    "Debug": {"write_movies": True, "write_deprecated_outs": True},
}
write_eon_config(work, cfg)


def run_eon(job_dir, *, timeout=300):
    eonclient = str(Path(sys.executable).with_name("eonclient"))
    if not Path(eonclient).exists():
        eonclient = "eonclient"
    r = subprocess.run(
        [eonclient], cwd=job_dir, capture_output=True, text=True, timeout=timeout
    )
    if r.returncode != 0:
        print(r.stdout)
        print(r.stderr, file=sys.stderr)
        raise RuntimeError(f"eonclient failed ({r.returncode})")
    return r


def run_rgpycrumbs(*args, cwd=None, timeout=600):
    cmd = [sys.executable, "-m", "rgpycrumbs.cli", *args]
    print("$", " ".join(cmd))
    r = subprocess.run(cmd, cwd=cwd, capture_output=True, text=True, timeout=timeout)
    if r.stdout:
        print(r.stdout)
    if r.stderr:
        print(r.stderr, file=sys.stderr)
    if r.returncode != 0:
        raise RuntimeError(f"rgpycrumbs failed ({r.returncode})")
    return r


def show_plot(path):
    display(Image(filename=str(path)))


print("Workdir:", work)
run_eon(work)
print("outputs:", sorted(p.name for p in work.glob("minimization.*")))
------------------


[31m---------------------------------------------------------------------------[39m
[31mModuleNotFoundError[39m                       Traceback (most recent call last)
[36mFile [39m[32m~/work/eOn/eOn/.pixi/envs/docs-mta/lib/python3.12/site-packages/rgpycrumbs/eon/helpers.py:53[39m, in [36mwrite_eon_config[39m[34m(path, settings, validate)[39m
[32m     52[39m [38;5;28;01mtry[39;00m:
[32m---> [39m[32m53[39m     [38;5;28;01mfrom[39;00m[38;5;250m [39m[34;01meon_schema[39;00m[34;01m.[39;00m[34;01mconfig[39;00m[38;5;250m [39m[38;5;28;01mimport[39;00m unknown_ini_keys, write_ini
[32m     54[39m [38;5;28;01mexcept[39;00m [38;5;167;01mImportError[39;00m [38;5;28;01mas[39;00m exc:  [38;5;66;03m# pragma: no cover[39;00m

[31mModuleNotFoundError[39m: No module named 'eon_schema'

The above exception was the direct cause of the following exception:

[31mImportError[39m                               Traceback (most recent call last)
[36mCell[39m[36m [39m[32mIn[1][39m[32m, line 34[39m
[32m     20[39m shutil.copy(DATA / [33m"[39m[33mpos.con[39m[33m"[39m, work / [33m"[39m[33mpos.con[39m[33m"[39m)
[32m     22[39m cfg = {
[32m     23[39m     [33m"[39m[33mMain[39m[33m"[39m: {[33m"[39m[33mjob[39m[33m"[39m: [33m"[39m[33mminimization[39m[33m"[39m, [33m"[39m[33mrandom_seed[39m[33m"[39m: [32m42[39m},
[32m     24[39m     [33m"[39m[33mPotential[39m[33m"[39m: {[33m"[39m[33mpotential[39m[33m"[39m: [33m"[39m[33mljcluster[39m[33m"[39m},
[32m   (...)[39m[32m     32[39m     [33m"[39m[33mDebug[39m[33m"[39m: {[33m"[39m[33mwrite_movies[39m[33m"[39m: [38;5;28;01mTrue[39;00m, [33m"[39m[33mwrite_deprecated_outs[39m[33m"[39m: [38;5;28;01mTrue[39;00m},
[32m     33[39m }
[32m---> [39m[32m34[39m [43mwrite_eon_config[49m[43m([49m[43mwork[49m[43m,[49m[43m [49m[43mcfg[49m[43m)[49m
[32m     37[39m [38;5;28;01mdef[39;00m[38;5;250m [39m[34mrun_eon[39m(job_dir, *, timeout=[32m300[39m):
[32m     38[39m     eonclient = [38;5;28mstr[39m(Path(sys.executable).with_name([33m"[39m[33meonclient[39m[33m"[39m))

[36mFile [39m[32m~/work/eOn/eOn/.pixi/envs/docs-mta/lib/python3.12/site-packages/rgpycrumbs/eon/helpers.py:55[39m, in [36mwrite_eon_config[39m[34m(path, settings, validate)[39m
[32m     53[39m     [38;5;28;01mfrom[39;00m[38;5;250m [39m[34;01meon_schema[39;00m[34;01m.[39;00m[34;01mconfig[39;00m[38;5;250m [39m[38;5;28;01mimport[39;00m unknown_ini_keys, write_ini
[32m     54[39m [38;5;28;01mexcept[39;00m [38;5;167;01mImportError[39;00m [38;5;28;01mas[39;00m exc:  [38;5;66;03m# pragma: no cover[39;00m
[32m---> [39m[32m55[39m     [38;5;28;01mraise[39;00m [38;5;167;01mImportError[39;00m(
[32m     56[39m         [33m"[39m[33mwrite_eon_config requires eon-schema>=0.2.[39m[38;5;130;01m\n[39;00m[33m"[39m
[32m     57[39m         [33m"[39m[33m  pip install [39m[33m'[39m[33mrgpycrumbs[eon][39m[33m'[39m[38;5;130;01m\n[39;00m[33m"[39m
[32m     58[39m         [33m"[39m[33m  # or: pip install [39m[33m'[39m[33meon-schema>=0.2[39m[33m'[39m[38;5;130;01m\n[39;00m[33m"[39m
[32m     59[39m         [33m"[39m[33m  # uv: uv pip install [39m[33m'[39m[33meon-schema>=0.2[39m[33m'[39m[33m"[39m
[32m     60[39m     ) [38;5;28;01mfrom[39;00m[38;5;250m [39m[34;01mexc[39;00m
[32m     62[39m [38;5;28;01mif[39;00m validate:
[32m     63[39m     bad = unknown_ini_keys(settings, covered_only=[38;5;28;01mTrue[39;00m)

[31mImportError[39m: write_eon_config requires eon-schema>=0.2.
  pip install 'rgpycrumbs[eon]'
  # or: pip install 'eon-schema>=0.2'
  # uv: uv pip install 'eon-schema>=0.2'

